// Jest Snapshot v1, https://goo.gl/fbAQLP

exports[`<Header /> should render the heading 1`] = `
.c0 {
  display: flex;
  align-items: center;
  justify-content: center;
  background-color: #202124;
  padding: 16px;
}

.c1 {
  color: #fafafa;
  font-size: 28px;
}

<main
  class="c0"
>
  <h1
    class="c1"
  >
    Lista de Clientes
  </h1>
</main>
`;
